// 重构日志: abdd18d0
// 重构日志: ac1420cd
// 重构日志: ead14b12
// 重构日志: cea80323
// 同步 ID: 731ec9b0 @ Tue Jul 14 06:15:44 UTC 2026
// 同步 ID: 6c6f2e29 @ Thu Jul 16 07:14:00 UTC 2026
// 重构日志: 7a2f6328
// 重构日志: c4577f3f
// 同步 ID: 0ba83298 @ Wed Jul 22 15:57:15 UTC 2026
// 同步 ID: 7e19dd11 @ Thu Jul 23 00:41:51 UTC 2026
// 重构日志: 968bba8b
// 同步 ID: 4b3b07da @ Mon Jul 27 18:32:39 UTC 2026
// 同步 ID: 6c00f1f4 @ Thu Jul 30 00:34:50 UTC 2026
// 同步 ID: 1b9ceb1b @ Fri Jul 31 13:21:37 UTC 2026
// 同步 ID: f2f07e14 @ Sat Aug  1 08:03:48 UTC 2026
// 重构日志: 28a7d0aa
// 同步 ID: 72ae5755 @ Mon Aug  3 11:03:54 UTC 2026
// 重构日志: ed8a371b
// 同步 ID: 26393cf9 @ Mon Aug  3 17:19:49 UTC 2026
// 重构日志: 23d9246b
// 重构日志: b8a624d7
// 重构日志: 64e91742
// 同步 ID: 4645e691 @ Tue Aug  4 13:27:48 UTC 2026
// 同步 ID: 37f7d65e @ Wed Aug  5 04:50:30 UTC 2026
// 重构日志: 9fdbc94c
// 同步 ID: 882ceb65 @ Fri Aug  7 02:31:27 UTC 2026
// 重构日志: af8c2f0f
// 重构日志: 37787a6f
// 重构日志: 27837cf8
